Modified fc layer: updated out_features to 10.
Initialized untrained model.
Files already downloaded and verified
Files already downloaded and verified
[Epoch 1, Batch   100] loss: 0.784
[Epoch 1, Batch   200] loss: 0.709
[Epoch 1, Batch   300] loss: 0.673
[Epoch 1, Batch   400] loss: 0.644
[Epoch 1, Batch   500] loss: 0.615
[Epoch 1, Batch   600] loss: 0.604
[Epoch 1, Batch   700] loss: 0.572
Epoch 1/50:
Train Loss: 0.0600, Train Accuracy: 50.48%
Validation Loss: 0.5639, Validation Accuracy: 58.69%
[Epoch 2, Batch   100] loss: 0.543
[Epoch 2, Batch   200] loss: 0.522
[Epoch 2, Batch   300] loss: 0.513
[Epoch 2, Batch   400] loss: 0.502
[Epoch 2, Batch   500] loss: 0.491
[Epoch 2, Batch   600] loss: 0.487
[Epoch 2, Batch   700] loss: 0.478
Epoch 2/50:
Train Loss: 0.0502, Train Accuracy: 63.56%
Validation Loss: 0.4985, Validation Accuracy: 63.75%
[Epoch 3, Batch   100] loss: 0.439
[Epoch 3, Batch   200] loss: 0.440
[Epoch 3, Batch   300] loss: 0.444
[Epoch 3, Batch   400] loss: 0.441
[Epoch 3, Batch   500] loss: 0.442
[Epoch 3, Batch   600] loss: 0.429
[Epoch 3, Batch   700] loss: 0.434
Epoch 3/50:
Train Loss: 0.0446, Train Accuracy: 68.96%
Validation Loss: 0.5253, Validation Accuracy: 61.15%
[Epoch 4, Batch   100] loss: 0.390
[Epoch 4, Batch   200] loss: 0.388
[Epoch 4, Batch   300] loss: 0.395
[Epoch 4, Batch   400] loss: 0.382
[Epoch 4, Batch   500] loss: 0.386
[Epoch 4, Batch   600] loss: 0.392
[Epoch 4, Batch   700] loss: 0.400
Epoch 4/50:
Train Loss: 0.0405, Train Accuracy: 72.82%
Validation Loss: 0.5029, Validation Accuracy: 63.76%
[Epoch 5, Batch   100] loss: 0.353
[Epoch 5, Batch   200] loss: 0.355
[Epoch 5, Batch   300] loss: 0.343
[Epoch 5, Batch   400] loss: 0.362
[Epoch 5, Batch   500] loss: 0.365
[Epoch 5, Batch   600] loss: 0.345
[Epoch 5, Batch   700] loss: 0.356
Epoch 5/50:
Train Loss: 0.0373, Train Accuracy: 75.68%
Validation Loss: 0.4808, Validation Accuracy: 65.76%
[Epoch 6, Batch   100] loss: 0.320
[Epoch 6, Batch   200] loss: 0.313
[Epoch 6, Batch   300] loss: 0.319
[Epoch 6, Batch   400] loss: 0.317
[Epoch 6, Batch   500] loss: 0.319
[Epoch 6, Batch   600] loss: 0.322
[Epoch 6, Batch   700] loss: 0.332
Epoch 6/50:
Train Loss: 0.0333, Train Accuracy: 78.38%
Validation Loss: 0.4059, Validation Accuracy: 71.36%
[Epoch 7, Batch   100] loss: 0.294
[Epoch 7, Batch   200] loss: 0.291
[Epoch 7, Batch   300] loss: 0.287
[Epoch 7, Batch   400] loss: 0.301
[Epoch 7, Batch   500] loss: 0.303
[Epoch 7, Batch   600] loss: 0.281
[Epoch 7, Batch   700] loss: 0.297
Epoch 7/50:
Train Loss: 0.0318, Train Accuracy: 80.35%
Validation Loss: 0.4352, Validation Accuracy: 69.28%
[Epoch 8, Batch   100] loss: 0.249
[Epoch 8, Batch   200] loss: 0.259
[Epoch 8, Batch   300] loss: 0.273
[Epoch 8, Batch   400] loss: 0.267
[Epoch 8, Batch   500] loss: 0.273
[Epoch 8, Batch   600] loss: 0.283
[Epoch 8, Batch   700] loss: 0.279
Epoch 8/50:
Train Loss: 0.0294, Train Accuracy: 82.05%
Validation Loss: 0.3594, Validation Accuracy: 75.32%
[Epoch 9, Batch   100] loss: 0.238
[Epoch 9, Batch   200] loss: 0.229
[Epoch 9, Batch   300] loss: 0.248
[Epoch 9, Batch   400] loss: 0.243
[Epoch 9, Batch   500] loss: 0.256
[Epoch 9, Batch   600] loss: 0.255
[Epoch 9, Batch   700] loss: 0.252
Epoch 9/50:
Train Loss: 0.0286, Train Accuracy: 83.71%
Validation Loss: 0.4077, Validation Accuracy: 71.68%
[Epoch 10, Batch   100] loss: 0.208
[Epoch 10, Batch   200] loss: 0.215
[Epoch 10, Batch   300] loss: 0.234
[Epoch 10, Batch   400] loss: 0.232
[Epoch 10, Batch   500] loss: 0.248
[Epoch 10, Batch   600] loss: 0.240
[Epoch 10, Batch   700] loss: 0.237
Epoch 10/50:
Train Loss: 0.0255, Train Accuracy: 85.01%
Validation Loss: 0.3694, Validation Accuracy: 74.53%
[Epoch 11, Batch   100] loss: 0.184
[Epoch 11, Batch   200] loss: 0.202
[Epoch 11, Batch   300] loss: 0.207
[Epoch 11, Batch   400] loss: 0.214
[Epoch 11, Batch   500] loss: 0.231
[Epoch 11, Batch   600] loss: 0.230
[Epoch 11, Batch   700] loss: 0.225
Epoch 11/50:
Train Loss: 0.0239, Train Accuracy: 86.05%
Validation Loss: 0.3449, Validation Accuracy: 76.66%
[Epoch 12, Batch   100] loss: 0.179
[Epoch 12, Batch   200] loss: 0.190
[Epoch 12, Batch   300] loss: 0.193
[Epoch 12, Batch   400] loss: 0.201
[Epoch 12, Batch   500] loss: 0.189
[Epoch 12, Batch   600] loss: 0.217
[Epoch 12, Batch   700] loss: 0.208
Epoch 12/50:
Train Loss: 0.0226, Train Accuracy: 87.31%
Validation Loss: 0.3614, Validation Accuracy: 75.28%
[Epoch 13, Batch   100] loss: 0.167
[Epoch 13, Batch   200] loss: 0.165
[Epoch 13, Batch   300] loss: 0.182
[Epoch 13, Batch   400] loss: 0.177
[Epoch 13, Batch   500] loss: 0.203
[Epoch 13, Batch   600] loss: 0.187
[Epoch 13, Batch   700] loss: 0.197
Epoch 13/50:
Train Loss: 0.0228, Train Accuracy: 88.13%
Validation Loss: 0.3500, Validation Accuracy: 76.30%
[Epoch 14, Batch   100] loss: 0.165
[Epoch 14, Batch   200] loss: 0.161
[Epoch 14, Batch   300] loss: 0.173
[Epoch 14, Batch   400] loss: 0.173
[Epoch 14, Batch   500] loss: 0.181
[Epoch 14, Batch   600] loss: 0.182
[Epoch 14, Batch   700] loss: 0.191
Epoch 14/50:
Train Loss: 0.0196, Train Accuracy: 88.90%
Validation Loss: 0.3569, Validation Accuracy: 76.06%
[Epoch 15, Batch   100] loss: 0.142
[Epoch 15, Batch   200] loss: 0.153
[Epoch 15, Batch   300] loss: 0.157
[Epoch 15, Batch   400] loss: 0.169
[Epoch 15, Batch   500] loss: 0.171
[Epoch 15, Batch   600] loss: 0.173
[Epoch 15, Batch   700] loss: 0.190
Epoch 15/50:
Train Loss: 0.0178, Train Accuracy: 89.60%
Validation Loss: 0.3794, Validation Accuracy: 74.59%
[Epoch 16, Batch   100] loss: 0.142
[Epoch 16, Batch   200] loss: 0.143
[Epoch 16, Batch   300] loss: 0.159
[Epoch 16, Batch   400] loss: 0.159
[Epoch 16, Batch   500] loss: 0.167
[Epoch 16, Batch   600] loss: 0.167
[Epoch 16, Batch   700] loss: 0.153
Epoch 16/50:
Train Loss: 0.0193, Train Accuracy: 90.18%
Validation Loss: 0.3881, Validation Accuracy: 74.06%
[Epoch 17, Batch   100] loss: 0.137
[Epoch 17, Batch   200] loss: 0.137
[Epoch 17, Batch   300] loss: 0.151
[Epoch 17, Batch   400] loss: 0.157
[Epoch 17, Batch   500] loss: 0.154
[Epoch 17, Batch   600] loss: 0.147
[Epoch 17, Batch   700] loss: 0.166
Epoch 17/50:
Train Loss: 0.0183, Train Accuracy: 90.71%
Validation Loss: 0.3785, Validation Accuracy: 74.95%
[Epoch 18, Batch   100] loss: 0.142
[Epoch 18, Batch   200] loss: 0.126
[Epoch 18, Batch   300] loss: 0.145
[Epoch 18, Batch   400] loss: 0.145
[Epoch 18, Batch   500] loss: 0.162
[Epoch 18, Batch   600] loss: 0.158
[Epoch 18, Batch   700] loss: 0.164
Epoch 18/50:
Train Loss: 0.0172, Train Accuracy: 90.78%
Validation Loss: 0.3715, Validation Accuracy: 75.30%
[Epoch 19, Batch   100] loss: 0.119
[Epoch 19, Batch   200] loss: 0.130
[Epoch 19, Batch   300] loss: 0.140
[Epoch 19, Batch   400] loss: 0.138
[Epoch 19, Batch   500] loss: 0.152
[Epoch 19, Batch   600] loss: 0.150
[Epoch 19, Batch   700] loss: 0.153
Epoch 19/50:
Train Loss: 0.0159, Train Accuracy: 91.41%
Validation Loss: 0.3929, Validation Accuracy: 73.75%
[Epoch 20, Batch   100] loss: 0.116
[Epoch 20, Batch   200] loss: 0.124
[Epoch 20, Batch   300] loss: 0.130
[Epoch 20, Batch   400] loss: 0.136
[Epoch 20, Batch   500] loss: 0.138
[Epoch 20, Batch   600] loss: 0.146
[Epoch 20, Batch   700] loss: 0.154
Epoch 20/50:
Train Loss: 0.0155, Train Accuracy: 91.76%
Validation Loss: 0.3787, Validation Accuracy: 75.22%
[Epoch 21, Batch   100] loss: 0.132
[Epoch 21, Batch   200] loss: 0.119
[Epoch 21, Batch   300] loss: 0.119
[Epoch 21, Batch   400] loss: 0.147
[Epoch 21, Batch   500] loss: 0.150
[Epoch 21, Batch   600] loss: 0.139
[Epoch 21, Batch   700] loss: 0.145
Epoch 21/50:
Train Loss: 0.0154, Train Accuracy: 91.73%
Validation Loss: 0.3926, Validation Accuracy: 74.41%
[Epoch 22, Batch   100] loss: 0.117
[Epoch 22, Batch   200] loss: 0.122
[Epoch 22, Batch   300] loss: 0.131
[Epoch 22, Batch   400] loss: 0.132
[Epoch 22, Batch   500] loss: 0.128
[Epoch 22, Batch   600] loss: 0.141
[Epoch 22, Batch   700] loss: 0.143
Epoch 22/50:
Train Loss: 0.0151, Train Accuracy: 92.03%
Validation Loss: 0.3648, Validation Accuracy: 76.24%
[Epoch 23, Batch   100] loss: 0.118
[Epoch 23, Batch   200] loss: 0.118
[Epoch 23, Batch   300] loss: 0.113
[Epoch 23, Batch   400] loss: 0.135
[Epoch 23, Batch   500] loss: 0.134
[Epoch 23, Batch   600] loss: 0.135
[Epoch 23, Batch   700] loss: 0.136
Epoch 23/50:
Train Loss: 0.0148, Train Accuracy: 92.27%
Validation Loss: 0.4046, Validation Accuracy: 73.37%
[Epoch 24, Batch   100] loss: 0.109
[Epoch 24, Batch   200] loss: 0.116
[Epoch 24, Batch   300] loss: 0.116
[Epoch 24, Batch   400] loss: 0.121
[Epoch 24, Batch   500] loss: 0.125
[Epoch 24, Batch   600] loss: 0.139
[Epoch 24, Batch   700] loss: 0.132
Epoch 24/50:
Train Loss: 0.0139, Train Accuracy: 92.56%
Validation Loss: 0.3661, Validation Accuracy: 76.26%
[Epoch 25, Batch   100] loss: 0.106
[Epoch 25, Batch   200] loss: 0.117
[Epoch 25, Batch   300] loss: 0.122
[Epoch 25, Batch   400] loss: 0.122
[Epoch 25, Batch   500] loss: 0.125
[Epoch 25, Batch   600] loss: 0.137
[Epoch 25, Batch   700] loss: 0.144
Epoch 25/50:
Train Loss: 0.0152, Train Accuracy: 92.31%
Validation Loss: 0.3640, Validation Accuracy: 76.75%
[Epoch 26, Batch   100] loss: 0.099
[Epoch 26, Batch   200] loss: 0.126
[Epoch 26, Batch   300] loss: 0.111
[Epoch 26, Batch   400] loss: 0.113
[Epoch 26, Batch   500] loss: 0.122
[Epoch 26, Batch   600] loss: 0.139
[Epoch 26, Batch   700] loss: 0.141
Epoch 26/50:
Train Loss: 0.0141, Train Accuracy: 92.75%
Validation Loss: 0.3743, Validation Accuracy: 75.88%
[Epoch 27, Batch   100] loss: 0.103
[Epoch 27, Batch   200] loss: 0.109
[Epoch 27, Batch   300] loss: 0.113
[Epoch 27, Batch   400] loss: 0.114
[Epoch 27, Batch   500] loss: 0.123
[Epoch 27, Batch   600] loss: 0.129
[Epoch 27, Batch   700] loss: 0.130
Epoch 27/50:
Train Loss: 0.0143, Train Accuracy: 92.87%
Validation Loss: 0.3774, Validation Accuracy: 75.42%
[Epoch 28, Batch   100] loss: 0.096
[Epoch 28, Batch   200] loss: 0.114
[Epoch 28, Batch   300] loss: 0.110
[Epoch 28, Batch   400] loss: 0.114
[Epoch 28, Batch   500] loss: 0.125
[Epoch 28, Batch   600] loss: 0.126
[Epoch 28, Batch   700] loss: 0.134
Epoch 28/50:
Train Loss: 0.0147, Train Accuracy: 92.90%
Validation Loss: 0.3680, Validation Accuracy: 75.67%
[Epoch 29, Batch   100] loss: 0.093
[Epoch 29, Batch   200] loss: 0.097
[Epoch 29, Batch   300] loss: 0.105
[Epoch 29, Batch   400] loss: 0.122
[Epoch 29, Batch   500] loss: 0.115
[Epoch 29, Batch   600] loss: 0.130
[Epoch 29, Batch   700] loss: 0.124
Epoch 29/50:
Train Loss: 0.0132, Train Accuracy: 93.31%
Validation Loss: 0.3774, Validation Accuracy: 76.02%
[Epoch 30, Batch   100] loss: 0.102
[Epoch 30, Batch   200] loss: 0.109
[Epoch 30, Batch   300] loss: 0.108
[Epoch 30, Batch   400] loss: 0.114
[Epoch 30, Batch   500] loss: 0.126
[Epoch 30, Batch   600] loss: 0.116
[Epoch 30, Batch   700] loss: 0.121
Epoch 30/50:
Train Loss: 0.0141, Train Accuracy: 93.09%
Validation Loss: 0.3831, Validation Accuracy: 75.29%
[Epoch 31, Batch   100] loss: 0.099
[Epoch 31, Batch   200] loss: 0.095
[Epoch 31, Batch   300] loss: 0.105
[Epoch 31, Batch   400] loss: 0.113
[Epoch 31, Batch   500] loss: 0.114
[Epoch 31, Batch   600] loss: 0.115
[Epoch 31, Batch   700] loss: 0.126
Epoch 31/50:
Train Loss: 0.0133, Train Accuracy: 93.37%
Validation Loss: 0.3620, Validation Accuracy: 76.68%
[Epoch 32, Batch   100] loss: 0.102
[Epoch 32, Batch   200] loss: 0.103
[Epoch 32, Batch   300] loss: 0.098
[Epoch 32, Batch   400] loss: 0.099
[Epoch 32, Batch   500] loss: 0.110
[Epoch 32, Batch   600] loss: 0.124
[Epoch 32, Batch   700] loss: 0.125
Epoch 32/50:
Train Loss: 0.0126, Train Accuracy: 93.61%
Validation Loss: 0.3749, Validation Accuracy: 75.83%
[Epoch 33, Batch   100] loss: 0.092
[Epoch 33, Batch   200] loss: 0.099
[Epoch 33, Batch   300] loss: 0.101
[Epoch 33, Batch   400] loss: 0.103
[Epoch 33, Batch   500] loss: 0.117
[Epoch 33, Batch   600] loss: 0.110
[Epoch 33, Batch   700] loss: 0.124
Epoch 33/50:
Train Loss: 0.0132, Train Accuracy: 93.65%
Validation Loss: 0.3868, Validation Accuracy: 74.87%
[Epoch 34, Batch   100] loss: 0.100
[Epoch 34, Batch   200] loss: 0.091
[Epoch 34, Batch   300] loss: 0.102
[Epoch 34, Batch   400] loss: 0.105
[Epoch 34, Batch   500] loss: 0.116
[Epoch 34, Batch   600] loss: 0.117
[Epoch 34, Batch   700] loss: 0.114
Epoch 34/50:
Train Loss: 0.0128, Train Accuracy: 93.73%
Validation Loss: 0.4229, Validation Accuracy: 72.49%
[Epoch 35, Batch   100] loss: 0.093
[Epoch 35, Batch   200] loss: 0.103
[Epoch 35, Batch   300] loss: 0.100
[Epoch 35, Batch   400] loss: 0.103
[Epoch 35, Batch   500] loss: 0.107
[Epoch 35, Batch   600] loss: 0.123
[Epoch 35, Batch   700] loss: 0.119
Epoch 35/50:
Train Loss: 0.0125, Train Accuracy: 93.68%
Validation Loss: 0.3779, Validation Accuracy: 75.52%
[Epoch 36, Batch   100] loss: 0.095
[Epoch 36, Batch   200] loss: 0.088
[Epoch 36, Batch   300] loss: 0.106
[Epoch 36, Batch   400] loss: 0.112
[Epoch 36, Batch   500] loss: 0.101
[Epoch 36, Batch   600] loss: 0.118
[Epoch 36, Batch   700] loss: 0.117
Epoch 36/50:
Train Loss: 0.0130, Train Accuracy: 93.75%
Validation Loss: 0.3854, Validation Accuracy: 74.97%
[Epoch 37, Batch   100] loss: 0.095
[Epoch 37, Batch   200] loss: 0.092
[Epoch 37, Batch   300] loss: 0.101
[Epoch 37, Batch   400] loss: 0.095
[Epoch 37, Batch   500] loss: 0.107
[Epoch 37, Batch   600] loss: 0.114
[Epoch 37, Batch   700] loss: 0.117
Epoch 37/50:
Train Loss: 0.0126, Train Accuracy: 93.87%
Validation Loss: 0.3787, Validation Accuracy: 75.92%
[Epoch 38, Batch   100] loss: 0.105
[Epoch 38, Batch   200] loss: 0.103
[Epoch 38, Batch   300] loss: 0.102
[Epoch 38, Batch   400] loss: 0.095
[Epoch 38, Batch   500] loss: 0.113
[Epoch 38, Batch   600] loss: 0.113
[Epoch 38, Batch   700] loss: 0.105
Epoch 38/50:
Train Loss: 0.0134, Train Accuracy: 93.64%
Validation Loss: 0.4001, Validation Accuracy: 74.15%
[Epoch 39, Batch   100] loss: 0.094
[Epoch 39, Batch   200] loss: 0.090
[Epoch 39, Batch   300] loss: 0.105
[Epoch 39, Batch   400] loss: 0.103
[Epoch 39, Batch   500] loss: 0.099
[Epoch 39, Batch   600] loss: 0.109
[Epoch 39, Batch   700] loss: 0.110
Epoch 39/50:
Train Loss: 0.0125, Train Accuracy: 93.96%
Validation Loss: 0.3691, Validation Accuracy: 76.40%
[Epoch 40, Batch   100] loss: 0.087
[Epoch 40, Batch   200] loss: 0.091
[Epoch 40, Batch   300] loss: 0.100
[Epoch 40, Batch   400] loss: 0.113
[Epoch 40, Batch   500] loss: 0.116
[Epoch 40, Batch   600] loss: 0.111
[Epoch 40, Batch   700] loss: 0.102
Epoch 40/50:
Train Loss: 0.0119, Train Accuracy: 94.01%
Validation Loss: 0.4519, Validation Accuracy: 71.09%
[Epoch 41, Batch   100] loss: 0.097
[Epoch 41, Batch   200] loss: 0.095
[Epoch 41, Batch   300] loss: 0.100
[Epoch 41, Batch   400] loss: 0.102
[Epoch 41, Batch   500] loss: 0.121
[Epoch 41, Batch   600] loss: 0.110
[Epoch 41, Batch   700] loss: 0.113
Epoch 41/50:
Train Loss: 0.0122, Train Accuracy: 93.75%
Validation Loss: 0.3870, Validation Accuracy: 75.14%
[Epoch 42, Batch   100] loss: 0.086
[Epoch 42, Batch   200] loss: 0.090
[Epoch 42, Batch   300] loss: 0.094
[Epoch 42, Batch   400] loss: 0.096
[Epoch 42, Batch   500] loss: 0.094
[Epoch 42, Batch   600] loss: 0.106
[Epoch 42, Batch   700] loss: 0.106
Epoch 42/50:
Train Loss: 0.0121, Train Accuracy: 94.30%
Validation Loss: 0.3732, Validation Accuracy: 76.02%
[Epoch 43, Batch   100] loss: 0.087
[Epoch 43, Batch   200] loss: 0.087
[Epoch 43, Batch   300] loss: 0.092
[Epoch 43, Batch   400] loss: 0.102
[Epoch 43, Batch   500] loss: 0.109
[Epoch 43, Batch   600] loss: 0.108
[Epoch 43, Batch   700] loss: 0.104
Epoch 43/50:
Train Loss: 0.0116, Train Accuracy: 94.17%
Validation Loss: 0.3841, Validation Accuracy: 75.69%
[Epoch 44, Batch   100] loss: 0.090
[Epoch 44, Batch   200] loss: 0.096
[Epoch 44, Batch   300] loss: 0.089
[Epoch 44, Batch   400] loss: 0.103
[Epoch 44, Batch   500] loss: 0.103
[Epoch 44, Batch   600] loss: 0.117
[Epoch 44, Batch   700] loss: 0.105
Epoch 44/50:
Train Loss: 0.0104, Train Accuracy: 94.13%
Validation Loss: 0.3821, Validation Accuracy: 75.65%
[Epoch 45, Batch   100] loss: 0.092
[Epoch 45, Batch   200] loss: 0.090
[Epoch 45, Batch   300] loss: 0.089
[Epoch 45, Batch   400] loss: 0.091
[Epoch 45, Batch   500] loss: 0.110
[Epoch 45, Batch   600] loss: 0.104
[Epoch 45, Batch   700] loss: 0.111
Epoch 45/50:
Train Loss: 0.0114, Train Accuracy: 94.23%
Validation Loss: 0.3689, Validation Accuracy: 76.24%
[Epoch 46, Batch   100] loss: 0.082
[Epoch 46, Batch   200] loss: 0.095
[Epoch 46, Batch   300] loss: 0.092
[Epoch 46, Batch   400] loss: 0.092
[Epoch 46, Batch   500] loss: 0.090
[Epoch 46, Batch   600] loss: 0.113
[Epoch 46, Batch   700] loss: 0.108
Epoch 46/50:
Train Loss: 0.0114, Train Accuracy: 94.39%
Validation Loss: 0.3831, Validation Accuracy: 75.71%
[Epoch 47, Batch   100] loss: 0.087
[Epoch 47, Batch   200] loss: 0.085
[Epoch 47, Batch   300] loss: 0.092
[Epoch 47, Batch   400] loss: 0.097
[Epoch 47, Batch   500] loss: 0.106
[Epoch 47, Batch   600] loss: 0.114
[Epoch 47, Batch   700] loss: 0.105
Epoch 47/50:
Train Loss: 0.0121, Train Accuracy: 94.23%
Validation Loss: 0.3808, Validation Accuracy: 75.69%
[Epoch 48, Batch   100] loss: 0.086
[Epoch 48, Batch   200] loss: 0.086
[Epoch 48, Batch   300] loss: 0.088
[Epoch 48, Batch   400] loss: 0.093
[Epoch 48, Batch   500] loss: 0.102
[Epoch 48, Batch   600] loss: 0.110
[Epoch 48, Batch   700] loss: 0.102
Epoch 48/50:
Train Loss: 0.0114, Train Accuracy: 94.32%
Validation Loss: 0.3953, Validation Accuracy: 74.66%
[Epoch 49, Batch   100] loss: 0.081
[Epoch 49, Batch   200] loss: 0.092
[Epoch 49, Batch   300] loss: 0.097
[Epoch 49, Batch   400] loss: 0.103
[Epoch 49, Batch   500] loss: 0.098
[Epoch 49, Batch   600] loss: 0.106
[Epoch 49, Batch   700] loss: 0.114
Epoch 49/50:
Train Loss: 0.0114, Train Accuracy: 94.21%
Validation Loss: 0.4116, Validation Accuracy: 74.07%
[Epoch 50, Batch   100] loss: 0.084
[Epoch 50, Batch   200] loss: 0.082
[Epoch 50, Batch   300] loss: 0.097
[Epoch 50, Batch   400] loss: 0.087
[Epoch 50, Batch   500] loss: 0.104
[Epoch 50, Batch   600] loss: 0.102
[Epoch 50, Batch   700] loss: 0.102
Epoch 50/50:
Train Loss: 0.0115, Train Accuracy: 94.48%
Validation Loss: 0.3965, Validation Accuracy: 74.84%
Model saved to models/resnet18_CIFAR10_20
